// Jest Snapshot v1, https://goo.gl/fbAQLP

exports[`WorkStation Container should match snapshot on shallow render 1`] = `
ShallowWrapper {
  "length": 1,
  Symbol(enzyme.__root__): [Circular],
  Symbol(enzyme.__unrendered__): <WorkStationContainer
    dispatch={[Function]}
    history={
      Object {
        "push": [Function],
      }
    }
    kitchen={
      Object {
        "MenuofTheDay": null,
        "description": "This is my test menu",
        "id": 3,
        "name": "This is great",
      }
    }
    meals={
      Array [
        Object {
          "description": "",
          "kitchenId": 2,
          "name": "This is a menu",
          "price": 5000,
        },
      ]
    }
    user={
      Object {
        "email": "hass@mail.com",
        "firstname": "Hasstru",
        "kitchen": Object {
          "MenuofTheDay": null,
          "description": "This is my test menu",
          "id": 3,
          "name": "This is great",
        },
        "lastname": "Ezekiel",
      }
    }
  />,
  Symbol(enzyme.__renderer__): Object {
    "batchedUpdates": [Function],
    "getNode": [Function],
    "render": [Function],
    "simulateEvent": [Function],
    "unmount": [Function],
  },
  Symbol(enzyme.__node__): Object {
    "instance": null,
    "key": undefined,
    "nodeType": "host",
    "props": Object {
      "children": <div
        className="main-profile-body"
        style={Object {}}
      >
        <Unknown
          handleSubmit={[Function]}
          user={
            Object {
              "email": "hass@mail.com",
              "firstname": "Hasstru",
              "kitchen": Object {
                "MenuofTheDay": null,
                "description": "This is my test menu",
                "id": 3,
                "name": "This is great",
              },
              "lastname": "Ezekiel",
            }
          }
        />
        <Unknown
          callback={[Function]}
          determineRenderBy={
            Array [
              "name",
              "description",
              "id",
              "MenuofTheDay",
            ]
          }
          emptyContainerStyle={
            Object {
              "bottom": "-20vh",
              "height": "10%",
              "position": "relative",
              "width": "100%",
            }
          }
          handleSubmit={[Function]}
          image="empty"
          kitchen={
            Object {
              "MenuofTheDay": null,
              "description": "This is my test menu",
              "id": 3,
              "name": "This is great",
            }
          }
          meals={
            Array [
              Object {
                "description": "",
                "kitchenId": 2,
                "name": "This is a menu",
                "price": 5000,
              },
            ]
          }
          text="Looks like you need to set up a kitchen"
        />
      </div>,
    },
    "ref": null,
    "rendered": Object {
      "instance": null,
      "key": undefined,
      "nodeType": "host",
      "props": Object {
        "children": Array [
          <Unknown
            handleSubmit={[Function]}
            user={
              Object {
                "email": "hass@mail.com",
                "firstname": "Hasstru",
                "kitchen": Object {
                  "MenuofTheDay": null,
                  "description": "This is my test menu",
                  "id": 3,
                  "name": "This is great",
                },
                "lastname": "Ezekiel",
              }
            }
          />,
          <Unknown
            callback={[Function]}
            determineRenderBy={
              Array [
                "name",
                "description",
                "id",
                "MenuofTheDay",
              ]
            }
            emptyContainerStyle={
              Object {
                "bottom": "-20vh",
                "height": "10%",
                "position": "relative",
                "width": "100%",
              }
            }
            handleSubmit={[Function]}
            image="empty"
            kitchen={
              Object {
                "MenuofTheDay": null,
                "description": "This is my test menu",
                "id": 3,
                "name": "This is great",
              }
            }
            meals={
              Array [
                Object {
                  "description": "",
                  "kitchenId": 2,
                  "name": "This is a menu",
                  "price": 5000,
                },
              ]
            }
            text="Looks like you need to set up a kitchen"
          />,
        ],
        "className": "main-profile-body",
        "style": Object {},
      },
      "ref": null,
      "rendered": Array [
        Object {
          "instance": null,
          "key": undefined,
          "nodeType": "function",
          "props": Object {
            "handleChange": undefined,
            "handleSubmit": [Function],
            "user": Object {
              "email": "hass@mail.com",
              "firstname": "Hasstru",
              "kitchen": Object {
                "MenuofTheDay": null,
                "description": "This is my test menu",
                "id": 3,
                "name": "This is great",
              },
              "lastname": "Ezekiel",
            },
          },
          "ref": null,
          "rendered": null,
          "type": [Function],
        },
        Object {
          "instance": null,
          "key": undefined,
          "nodeType": "function",
          "props": Object {
            "callback": [Function],
            "determineRenderBy": Array [
              "name",
              "description",
              "id",
              "MenuofTheDay",
            ],
            "emptyContainerStyle": Object {
              "bottom": "-20vh",
              "height": "10%",
              "position": "relative",
              "width": "100%",
            },
            "handleSubmit": [Function],
            "image": "empty",
            "kitchen": Object {
              "MenuofTheDay": null,
              "description": "This is my test menu",
              "id": 3,
              "name": "This is great",
            },
            "meals": Array [
              Object {
                "description": "",
                "kitchenId": 2,
                "name": "This is a menu",
                "price": 5000,
              },
            ],
            "text": "Looks like you need to set up a kitchen",
          },
          "ref": null,
          "rendered": null,
          "type": [Function],
        },
      ],
      "type": "div",
    },
    "type": "div",
  },
  Symbol(enzyme.__nodes__): Array [
    Object {
      "instance": null,
      "key": undefined,
      "nodeType": "host",
      "props": Object {
        "children": <div
          className="main-profile-body"
          style={Object {}}
        >
          <Unknown
            handleSubmit={[Function]}
            user={
              Object {
                "email": "hass@mail.com",
                "firstname": "Hasstru",
                "kitchen": Object {
                  "MenuofTheDay": null,
                  "description": "This is my test menu",
                  "id": 3,
                  "name": "This is great",
                },
                "lastname": "Ezekiel",
              }
            }
          />
          <Unknown
            callback={[Function]}
            determineRenderBy={
              Array [
                "name",
                "description",
                "id",
                "MenuofTheDay",
              ]
            }
            emptyContainerStyle={
              Object {
                "bottom": "-20vh",
                "height": "10%",
                "position": "relative",
                "width": "100%",
              }
            }
            handleSubmit={[Function]}
            image="empty"
            kitchen={
              Object {
                "MenuofTheDay": null,
                "description": "This is my test menu",
                "id": 3,
                "name": "This is great",
              }
            }
            meals={
              Array [
                Object {
                  "description": "",
                  "kitchenId": 2,
                  "name": "This is a menu",
                  "price": 5000,
                },
              ]
            }
            text="Looks like you need to set up a kitchen"
          />
        </div>,
      },
      "ref": null,
      "rendered": Object {
        "instance": null,
        "key": undefined,
        "nodeType": "host",
        "props": Object {
          "children": Array [
            <Unknown
              handleSubmit={[Function]}
              user={
                Object {
                  "email": "hass@mail.com",
                  "firstname": "Hasstru",
                  "kitchen": Object {
                    "MenuofTheDay": null,
                    "description": "This is my test menu",
                    "id": 3,
                    "name": "This is great",
                  },
                  "lastname": "Ezekiel",
                }
              }
            />,
            <Unknown
              callback={[Function]}
              determineRenderBy={
                Array [
                  "name",
                  "description",
                  "id",
                  "MenuofTheDay",
                ]
              }
              emptyContainerStyle={
                Object {
                  "bottom": "-20vh",
                  "height": "10%",
                  "position": "relative",
                  "width": "100%",
                }
              }
              handleSubmit={[Function]}
              image="empty"
              kitchen={
                Object {
                  "MenuofTheDay": null,
                  "description": "This is my test menu",
                  "id": 3,
                  "name": "This is great",
                }
              }
              meals={
                Array [
                  Object {
                    "description": "",
                    "kitchenId": 2,
                    "name": "This is a menu",
                    "price": 5000,
                  },
                ]
              }
              text="Looks like you need to set up a kitchen"
            />,
          ],
          "className": "main-profile-body",
          "style": Object {},
        },
        "ref": null,
        "rendered": Array [
          Object {
            "instance": null,
            "key": undefined,
            "nodeType": "function",
            "props": Object {
              "handleChange": undefined,
              "handleSubmit": [Function],
              "user": Object {
                "email": "hass@mail.com",
                "firstname": "Hasstru",
                "kitchen": Object {
                  "MenuofTheDay": null,
                  "description": "This is my test menu",
                  "id": 3,
                  "name": "This is great",
                },
                "lastname": "Ezekiel",
              },
            },
            "ref": null,
            "rendered": null,
            "type": [Function],
          },
          Object {
            "instance": null,
            "key": undefined,
            "nodeType": "function",
            "props": Object {
              "callback": [Function],
              "determineRenderBy": Array [
                "name",
                "description",
                "id",
                "MenuofTheDay",
              ],
              "emptyContainerStyle": Object {
                "bottom": "-20vh",
                "height": "10%",
                "position": "relative",
                "width": "100%",
              },
              "handleSubmit": [Function],
              "image": "empty",
              "kitchen": Object {
                "MenuofTheDay": null,
                "description": "This is my test menu",
                "id": 3,
                "name": "This is great",
              },
              "meals": Array [
                Object {
                  "description": "",
                  "kitchenId": 2,
                  "name": "This is a menu",
                  "price": 5000,
                },
              ],
              "text": "Looks like you need to set up a kitchen",
            },
            "ref": null,
            "rendered": null,
            "type": [Function],
          },
        ],
        "type": "div",
      },
      "type": "div",
    },
  ],
  Symbol(enzyme.__options__): Object {
    "adapter": ReactSixteenAdapter {
      "options": Object {
        "enableComponentDidUpdateOnSetState": true,
      },
    },
  },
}
`;

exports[`WorkStation Container should render successfully on deep mounting 1`] = `
ShallowWrapper {
  "length": 1,
  Symbol(enzyme.__root__): [Circular],
  Symbol(enzyme.__unrendered__): <WorkStationContainer
    dispatch={[Function]}
    history={
      Object {
        "push": [Function],
      }
    }
    kitchen={
      Object {
        "MenuofTheDay": null,
        "description": "This is my test menu",
        "id": 3,
        "name": "This is great",
      }
    }
    meals={
      Array [
        Object {
          "description": "",
          "kitchenId": 2,
          "name": "This is a menu",
          "price": 5000,
        },
      ]
    }
    user={
      Object {
        "email": "hass@mail.com",
        "firstname": "Hasstru",
        "kitchen": Object {
          "MenuofTheDay": null,
          "description": "This is my test menu",
          "id": 3,
          "name": "This is great",
        },
        "lastname": "Ezekiel",
      }
    }
  />,
  Symbol(enzyme.__renderer__): Object {
    "batchedUpdates": [Function],
    "getNode": [Function],
    "render": [Function],
    "simulateEvent": [Function],
    "unmount": [Function],
  },
  Symbol(enzyme.__node__): Object {
    "instance": null,
    "key": undefined,
    "nodeType": "host",
    "props": Object {
      "children": <div
        className="main-profile-body"
        style={Object {}}
      >
        <Unknown
          handleSubmit={[Function]}
          user={
            Object {
              "email": "hass@mail.com",
              "firstname": "Hasstru",
              "kitchen": Object {
                "MenuofTheDay": null,
                "description": "This is my test menu",
                "id": 3,
                "name": "This is great",
              },
              "lastname": "Ezekiel",
            }
          }
        />
        <Unknown
          callback={[Function]}
          determineRenderBy={
            Array [
              "name",
              "description",
              "id",
              "MenuofTheDay",
            ]
          }
          emptyContainerStyle={
            Object {
              "bottom": "-20vh",
              "height": "10%",
              "position": "relative",
              "width": "100%",
            }
          }
          handleSubmit={[Function]}
          image="empty"
          kitchen={
            Object {
              "MenuofTheDay": null,
              "description": "This is my test menu",
              "id": 3,
              "name": "This is great",
            }
          }
          meals={
            Array [
              Object {
                "description": "",
                "kitchenId": 2,
                "name": "This is a menu",
                "price": 5000,
              },
            ]
          }
          text="Looks like you need to set up a kitchen"
        />
      </div>,
    },
    "ref": null,
    "rendered": Object {
      "instance": null,
      "key": undefined,
      "nodeType": "host",
      "props": Object {
        "children": Array [
          <Unknown
            handleSubmit={[Function]}
            user={
              Object {
                "email": "hass@mail.com",
                "firstname": "Hasstru",
                "kitchen": Object {
                  "MenuofTheDay": null,
                  "description": "This is my test menu",
                  "id": 3,
                  "name": "This is great",
                },
                "lastname": "Ezekiel",
              }
            }
          />,
          <Unknown
            callback={[Function]}
            determineRenderBy={
              Array [
                "name",
                "description",
                "id",
                "MenuofTheDay",
              ]
            }
            emptyContainerStyle={
              Object {
                "bottom": "-20vh",
                "height": "10%",
                "position": "relative",
                "width": "100%",
              }
            }
            handleSubmit={[Function]}
            image="empty"
            kitchen={
              Object {
                "MenuofTheDay": null,
                "description": "This is my test menu",
                "id": 3,
                "name": "This is great",
              }
            }
            meals={
              Array [
                Object {
                  "description": "",
                  "kitchenId": 2,
                  "name": "This is a menu",
                  "price": 5000,
                },
              ]
            }
            text="Looks like you need to set up a kitchen"
          />,
        ],
        "className": "main-profile-body",
        "style": Object {},
      },
      "ref": null,
      "rendered": Array [
        Object {
          "instance": null,
          "key": undefined,
          "nodeType": "function",
          "props": Object {
            "handleChange": undefined,
            "handleSubmit": [Function],
            "user": Object {
              "email": "hass@mail.com",
              "firstname": "Hasstru",
              "kitchen": Object {
                "MenuofTheDay": null,
                "description": "This is my test menu",
                "id": 3,
                "name": "This is great",
              },
              "lastname": "Ezekiel",
            },
          },
          "ref": null,
          "rendered": null,
          "type": [Function],
        },
        Object {
          "instance": null,
          "key": undefined,
          "nodeType": "function",
          "props": Object {
            "callback": [Function],
            "determineRenderBy": Array [
              "name",
              "description",
              "id",
              "MenuofTheDay",
            ],
            "emptyContainerStyle": Object {
              "bottom": "-20vh",
              "height": "10%",
              "position": "relative",
              "width": "100%",
            },
            "handleSubmit": [Function],
            "image": "empty",
            "kitchen": Object {
              "MenuofTheDay": null,
              "description": "This is my test menu",
              "id": 3,
              "name": "This is great",
            },
            "meals": Array [
              Object {
                "description": "",
                "kitchenId": 2,
                "name": "This is a menu",
                "price": 5000,
              },
            ],
            "text": "Looks like you need to set up a kitchen",
          },
          "ref": null,
          "rendered": null,
          "type": [Function],
        },
      ],
      "type": "div",
    },
    "type": "div",
  },
  Symbol(enzyme.__nodes__): Array [
    Object {
      "instance": null,
      "key": undefined,
      "nodeType": "host",
      "props": Object {
        "children": <div
          className="main-profile-body"
          style={Object {}}
        >
          <Unknown
            handleSubmit={[Function]}
            user={
              Object {
                "email": "hass@mail.com",
                "firstname": "Hasstru",
                "kitchen": Object {
                  "MenuofTheDay": null,
                  "description": "This is my test menu",
                  "id": 3,
                  "name": "This is great",
                },
                "lastname": "Ezekiel",
              }
            }
          />
          <Unknown
            callback={[Function]}
            determineRenderBy={
              Array [
                "name",
                "description",
                "id",
                "MenuofTheDay",
              ]
            }
            emptyContainerStyle={
              Object {
                "bottom": "-20vh",
                "height": "10%",
                "position": "relative",
                "width": "100%",
              }
            }
            handleSubmit={[Function]}
            image="empty"
            kitchen={
              Object {
                "MenuofTheDay": null,
                "description": "This is my test menu",
                "id": 3,
                "name": "This is great",
              }
            }
            meals={
              Array [
                Object {
                  "description": "",
                  "kitchenId": 2,
                  "name": "This is a menu",
                  "price": 5000,
                },
              ]
            }
            text="Looks like you need to set up a kitchen"
          />
        </div>,
      },
      "ref": null,
      "rendered": Object {
        "instance": null,
        "key": undefined,
        "nodeType": "host",
        "props": Object {
          "children": Array [
            <Unknown
              handleSubmit={[Function]}
              user={
                Object {
                  "email": "hass@mail.com",
                  "firstname": "Hasstru",
                  "kitchen": Object {
                    "MenuofTheDay": null,
                    "description": "This is my test menu",
                    "id": 3,
                    "name": "This is great",
                  },
                  "lastname": "Ezekiel",
                }
              }
            />,
            <Unknown
              callback={[Function]}
              determineRenderBy={
                Array [
                  "name",
                  "description",
                  "id",
                  "MenuofTheDay",
                ]
              }
              emptyContainerStyle={
                Object {
                  "bottom": "-20vh",
                  "height": "10%",
                  "position": "relative",
                  "width": "100%",
                }
              }
              handleSubmit={[Function]}
              image="empty"
              kitchen={
                Object {
                  "MenuofTheDay": null,
                  "description": "This is my test menu",
                  "id": 3,
                  "name": "This is great",
                }
              }
              meals={
                Array [
                  Object {
                    "description": "",
                    "kitchenId": 2,
                    "name": "This is a menu",
                    "price": 5000,
                  },
                ]
              }
              text="Looks like you need to set up a kitchen"
            />,
          ],
          "className": "main-profile-body",
          "style": Object {},
        },
        "ref": null,
        "rendered": Array [
          Object {
            "instance": null,
            "key": undefined,
            "nodeType": "function",
            "props": Object {
              "handleChange": undefined,
              "handleSubmit": [Function],
              "user": Object {
                "email": "hass@mail.com",
                "firstname": "Hasstru",
                "kitchen": Object {
                  "MenuofTheDay": null,
                  "description": "This is my test menu",
                  "id": 3,
                  "name": "This is great",
                },
                "lastname": "Ezekiel",
              },
            },
            "ref": null,
            "rendered": null,
            "type": [Function],
          },
          Object {
            "instance": null,
            "key": undefined,
            "nodeType": "function",
            "props": Object {
              "callback": [Function],
              "determineRenderBy": Array [
                "name",
                "description",
                "id",
                "MenuofTheDay",
              ],
              "emptyContainerStyle": Object {
                "bottom": "-20vh",
                "height": "10%",
                "position": "relative",
                "width": "100%",
              },
              "handleSubmit": [Function],
              "image": "empty",
              "kitchen": Object {
                "MenuofTheDay": null,
                "description": "This is my test menu",
                "id": 3,
                "name": "This is great",
              },
              "meals": Array [
                Object {
                  "description": "",
                  "kitchenId": 2,
                  "name": "This is a menu",
                  "price": 5000,
                },
              ],
              "text": "Looks like you need to set up a kitchen",
            },
            "ref": null,
            "rendered": null,
            "type": [Function],
          },
        ],
        "type": "div",
      },
      "type": "div",
    },
  ],
  Symbol(enzyme.__options__): Object {
    "adapter": ReactSixteenAdapter {
      "options": Object {
        "enableComponentDidUpdateOnSetState": true,
      },
    },
  },
}
`;
