// Jest Snapshot v1, https://goo.gl/fbAQLP

exports[`Auth component should match this snapshot 1`] = `
<div>
   Hello
</div>
`;
